OpenJDK 64-Bit Server VM (25.102-b14) for linux-amd64 JRE (1.8.0_102-8u102-b14.1-1~bpo8+1-b14), built on Aug  8 2016 10:49:23 by "jmm" with gcc 4.9.2
Memory: 4k page, physical 4260508k(263768k free), swap 4093948k(4032968k free)
CommandLine flags: -XX:InitialHeapSize=536870912 -XX:MaxHeapSize=1073741824 -XX:+PrintGC -XX:+PrintGCDetails -XX:+PrintGCTimeStamps -XX:+UseCompressedClassPointers -XX:+UseCompressedOops -XX:+UseParallelGC 
7.501: [GC (Allocation Failure) [PSYoungGen: 131584K->13414K(153088K)] 131584K->13430K(502784K), 0.0171407 secs] [Times: user=0.02 sys=0.00, real=0.02 secs] 
11.759: [GC (Allocation Failure) [PSYoungGen: 144998K->7651K(153088K)] 145014K->7747K(502784K), 0.0123209 secs] [Times: user=0.02 sys=0.00, real=0.02 secs] 
13.225: [GC (Allocation Failure) [PSYoungGen: 139235K->21478K(153088K)] 139331K->21988K(502784K), 0.0211433 secs] [Times: user=0.04 sys=0.00, real=0.02 secs] 
14.512: [GC (Allocation Failure) [PSYoungGen: 153062K->16976K(153088K)] 153572K->17494K(502784K), 0.0209981 secs] [Times: user=0.03 sys=0.00, real=0.02 secs] 
15.165: [GC (Allocation Failure) [PSYoungGen: 148560K->18536K(153088K)] 149078K->19062K(502784K), 0.0169259 secs] [Times: user=0.02 sys=0.00, real=0.02 secs] 
15.528: [GC (Metadata GC Threshold) [PSYoungGen: 66454K->19885K(287232K)] 66981K->20419K(636928K), 0.0488060 secs] [Times: user=0.07 sys=0.01, real=0.05 secs] 
15.577: [Full GC (Metadata GC Threshold) [PSYoungGen: 19885K->0K(287232K)] [ParOldGen: 534K->18537K(349696K)] 20419K->18537K(636928K), [Metaspace: 20686K->20686K(1069056K)], 0.0841823 secs] [Times: user=0.13 sys=0.00, real=0.08 secs] 
21.721: [GC (Allocation Failure) [PSYoungGen: 262144K->11859K(288256K)] 280681K->30397K(637952K), 0.0121402 secs] [Times: user=0.01 sys=0.00, real=0.01 secs] 
22.776: [GC (Allocation Failure) [PSYoungGen: 274003K->23728K(318464K)] 292541K->42265K(668160K), 0.0128957 secs] [Times: user=0.01 sys=0.01, real=0.01 secs] 
24.690: [GC (Allocation Failure) [PSYoungGen: 316592K->28128K(321024K)] 335129K->56723K(670720K), 0.0453523 secs] [Times: user=0.05 sys=0.01, real=0.05 secs] 
27.687: [GC (Allocation Failure) [PSYoungGen: 320992K->27120K(303616K)] 349587K->69661K(653312K), 0.0343199 secs] [Times: user=0.07 sys=0.00, real=0.03 secs] 
28.781: [GC (Metadata GC Threshold) [PSYoungGen: 112942K->3811K(279552K)] 155482K->68809K(629248K), 0.0194803 secs] [Times: user=0.03 sys=0.01, real=0.02 secs] 
28.800: [Full GC (Metadata GC Threshold) [PSYoungGen: 3811K->0K(279552K)] [ParOldGen: 64997K->61442K(349696K)] 68809K->61442K(629248K), [Metaspace: 34730K->34026K(1081344K)], 0.2189815 secs] [Times: user=0.38 sys=0.03, real=0.22 secs] 
30.148: [GC (Allocation Failure) [PSYoungGen: 275456K->19114K(312832K)] 336898K->80564K(662528K), 0.0121837 secs] [Times: user=0.02 sys=0.00, real=0.01 secs] 
33.786: [GC (Allocation Failure) [PSYoungGen: 294058K->14810K(289792K)] 355508K->92545K(639488K), 0.0249256 secs] [Times: user=0.04 sys=0.01, real=0.02 secs] 
37.197: [GC (Allocation Failure) [PSYoungGen: 289754K->11595K(311296K)] 367489K->99534K(660992K), 0.0282619 secs] [Times: user=0.05 sys=0.00, real=0.03 secs] 
38.056: [GC (Allocation Failure) [PSYoungGen: 287563K->1984K(310272K)] 375502K->98065K(659968K), 0.0700541 secs] [Times: user=0.06 sys=0.03, real=0.07 secs] 
42.600: [GC (Allocation Failure) [PSYoungGen: 277952K->11955K(313856K)] 374033K->108405K(663552K), 0.0157413 secs] [Times: user=0.01 sys=0.00, real=0.02 secs] 
47.137: [GC (Metadata GC Threshold) [PSYoungGen: 190689K->9120K(313856K)] 287138K->108238K(663552K), 0.0109924 secs] [Times: user=0.01 sys=0.00, real=0.01 secs] 
47.148: [Full GC (Metadata GC Threshold) [PSYoungGen: 9120K->0K(313856K)] [ParOldGen: 99118K->104710K(371200K)] 108238K->104710K(685056K), [Metaspace: 58189K->58187K(1101824K)], 0.3100597 secs] [Times: user=0.54 sys=0.01, real=0.31 secs] 
114.463: [GC (Allocation Failure) [PSYoungGen: 279552K->11103K(313856K)] 384262K->115821K(685056K), 0.0154208 secs] [Times: user=0.02 sys=0.00, real=0.01 secs] 
119.189: [GC (Allocation Failure) [PSYoungGen: 292703K->14231K(313856K)] 397421K->122932K(685056K), 0.0252822 secs] [Times: user=0.04 sys=0.00, real=0.03 secs] 
120.018: [GC (Allocation Failure) [PSYoungGen: 295831K->17120K(315392K)] 404532K->125829K(686592K), 0.0249360 secs] [Times: user=0.04 sys=0.00, real=0.03 secs] 
121.293: [GC (Allocation Failure) [PSYoungGen: 302304K->9744K(314880K)] 411013K->131325K(686080K), 0.0611376 secs] [Times: user=0.10 sys=0.00, real=0.06 secs] 
122.376: [GC (Allocation Failure) [PSYoungGen: 294928K->9328K(318976K)] 416509K->136141K(690176K), 0.0312495 secs] [Times: user=0.06 sys=0.00, real=0.03 secs] 
123.252: [GC (Allocation Failure) [PSYoungGen: 299120K->8896K(318464K)] 425933K->142069K(689664K), 0.0295676 secs] [Times: user=0.06 sys=0.00, real=0.03 secs] 
128.900: [GC (Allocation Failure) [PSYoungGen: 298688K->28141K(302592K)] 431861K->175376K(673792K), 0.0407527 secs] [Times: user=0.06 sys=0.00, real=0.04 secs] 
131.681: [GC (Allocation Failure) [PSYoungGen: 302573K->8364K(311808K)] 449808K->157494K(683008K), 0.0228344 secs] [Times: user=0.02 sys=0.01, real=0.03 secs] 
133.863: [GC (Allocation Failure) [PSYoungGen: 282796K->8865K(308736K)] 431926K->160269K(679936K), 0.0146380 secs] [Times: user=0.03 sys=0.00, real=0.01 secs] 
135.186: [GC (Allocation Failure) [PSYoungGen: 284321K->9966K(310784K)] 435725K->162282K(681984K), 0.0135711 secs] [Times: user=0.02 sys=0.00, real=0.01 secs] 
138.966: [GC (Allocation Failure) [PSYoungGen: 285422K->24781K(310784K)] 437738K->177953K(681984K), 0.0262783 secs] [Times: user=0.03 sys=0.00, real=0.03 secs] 
140.668: [GC (Metadata GC Threshold) [PSYoungGen: 280560K->36348K(312832K)] 433732K->196932K(684032K), 0.0376462 secs] [Times: user=0.07 sys=0.00, real=0.04 secs] 
140.706: [Full GC (Metadata GC Threshold) [PSYoungGen: 36348K->0K(312832K)] [ParOldGen: 160584K->176451K(504832K)] 196932K->176451K(817664K), [Metaspace: 96538K->96538K(1134592K)], 0.4593564 secs] [Times: user=0.85 sys=0.01, real=0.46 secs] 
800.047: [GC (Allocation Failure) [PSYoungGen: 276480K->9643K(298496K)] 452931K->186102K(803328K), 0.0104665 secs] [Times: user=0.02 sys=0.00, real=0.01 secs] 
