OpenJDK 64-Bit Server VM (25.102-b14) for linux-amd64 JRE (1.8.0_102-8u102-b14.1-1~bpo8+1-b14), built on Aug  8 2016 10:49:23 by "jmm" with gcc 4.9.2
Memory: 4k page, physical 2013344k(945352k free), swap 4093948k(2747804k free)
CommandLine flags: -XX:InitialHeapSize=536870912 -XX:MaxHeapSize=1073741824 -XX:+PrintGC -XX:+PrintGCDetails -XX:+PrintGCTimeStamps -XX:+UseCompressedClassPointers -XX:+UseCompressedOops -XX:+UseParallelGC 
8.035: [GC (Allocation Failure) [PSYoungGen: 131584K->13290K(153088K)] 131584K->13378K(502784K), 0.0146506 secs] [Times: user=0.02 sys=0.00, real=0.01 secs] 
13.650: [GC (Allocation Failure) [PSYoungGen: 144874K->7591K(153088K)] 144962K->7687K(502784K), 0.0360998 secs] [Times: user=0.02 sys=0.02, real=0.04 secs] 
14.848: [GC (Allocation Failure) [PSYoungGen: 139175K->21495K(153088K)] 139271K->21838K(502784K), 0.0300466 secs] [Times: user=0.03 sys=0.02, real=0.03 secs] 
16.477: [GC (Allocation Failure) [PSYoungGen: 153079K->17268K(284672K)] 153422K->17619K(634368K), 0.0243259 secs] [Times: user=0.03 sys=0.00, real=0.03 secs] 
17.902: [GC (Metadata GC Threshold) [PSYoungGen: 168370K->20023K(284672K)] 168721K->20382K(634368K), 0.0233810 secs] [Times: user=0.02 sys=0.02, real=0.02 secs] 
17.926: [Full GC (Metadata GC Threshold) [PSYoungGen: 20023K->0K(284672K)] [ParOldGen: 359K->18777K(349696K)] 20382K->18777K(634368K), [Metaspace: 20589K->20589K(1069056K)], 0.0832312 secs] [Times: user=0.13 sys=0.00, real=0.08 secs] 
20.755: [GC (Allocation Failure) [PSYoungGen: 263168K->11647K(323584K)] 281945K->30425K(673280K), 0.0094348 secs] [Times: user=0.01 sys=0.00, real=0.01 secs] 
22.363: [GC (Allocation Failure) [PSYoungGen: 309119K->25413K(323072K)] 327897K->44199K(672768K), 0.0211890 secs] [Times: user=0.01 sys=0.01, real=0.02 secs] 
24.789: [GC (Allocation Failure) [PSYoungGen: 322885K->26089K(301568K)] 341671K->55643K(651264K), 0.0324687 secs] [Times: user=0.04 sys=0.00, real=0.04 secs] 
25.894: [GC (Allocation Failure) [PSYoungGen: 301545K->36703K(312320K)] 331099K->71008K(662016K), 0.0325226 secs] [Times: user=0.03 sys=0.01, real=0.03 secs] 
26.854: [GC (Metadata GC Threshold) [PSYoungGen: 265312K->28702K(301056K)] 299617K->81144K(650752K), 0.0434263 secs] [Times: user=0.06 sys=0.00, real=0.04 secs] 
26.897: [Full GC (Metadata GC Threshold) [PSYoungGen: 28702K->0K(301056K)] [ParOldGen: 52442K->71634K(349696K)] 81144K->71634K(650752K), [Metaspace: 34717K->34020K(1081344K)], 0.2197915 secs] [Times: user=0.39 sys=0.00, real=0.22 secs] 
28.291: [GC (Allocation Failure) [PSYoungGen: 264192K->12897K(306688K)] 335826K->84532K(656384K), 0.0103982 secs] [Times: user=0.02 sys=0.00, real=0.01 secs] 
30.208: [GC (Allocation Failure) [PSYoungGen: 277089K->15445K(304128K)] 348724K->96088K(653824K), 0.0240656 secs] [Times: user=0.05 sys=0.00, real=0.03 secs] 
31.050: [GC (Allocation Failure) [PSYoungGen: 280149K->1792K(305664K)] 360792K->94013K(655360K), 0.0240030 secs] [Times: user=0.04 sys=0.00, real=0.03 secs] 
33.174: [GC (Allocation Failure) [PSYoungGen: 266496K->9489K(307712K)] 358717K->102063K(657408K), 0.0079128 secs] [Times: user=0.01 sys=0.00, real=0.01 secs] 
52.513: [GC (Allocation Failure) [PSYoungGen: 275217K->12195K(278016K)] 367791K->107065K(627712K), 0.0117109 secs] [Times: user=0.02 sys=0.00, real=0.01 secs] 
53.114: [GC (Metadata GC Threshold) [PSYoungGen: 38284K->3708K(305664K)] 133154K->98578K(655360K), 0.0089921 secs] [Times: user=0.01 sys=0.00, real=0.01 secs] 
53.123: [Full GC (Metadata GC Threshold) [PSYoungGen: 3708K->0K(305664K)] [ParOldGen: 94870K->95529K(411648K)] 98578K->95529K(717312K), [Metaspace: 58191K->58189K(1101824K)], 0.3166367 secs] [Times: user=0.54 sys=0.03, real=0.31 secs] 
70.441: [GC (Allocation Failure) [PSYoungGen: 265728K->10393K(305664K)] 361257K->105931K(717312K), 0.0109735 secs] [Times: user=0.02 sys=0.00, real=0.01 secs] 
73.761: [GC (Allocation Failure) [PSYoungGen: 276121K->18884K(308224K)] 371659K->114421K(719872K), 0.0330786 secs] [Times: user=0.06 sys=0.00, real=0.03 secs] 
74.503: [GC (Allocation Failure) [PSYoungGen: 289220K->22720K(307712K)] 384757K->118265K(719360K), 0.0260821 secs] [Times: user=0.05 sys=0.00, real=0.02 secs] 
75.399: [GC (Allocation Failure) [PSYoungGen: 293056K->27296K(307200K)] 388601K->122841K(718848K), 0.0391612 secs] [Times: user=0.06 sys=0.00, real=0.04 secs] 
76.263: [GC (Allocation Failure) [PSYoungGen: 296608K->18752K(309248K)] 392153K->128299K(720896K), 0.0978610 secs] [Times: user=0.17 sys=0.01, real=0.10 secs] 
77.970: [GC (Allocation Failure) [PSYoungGen: 288064K->11983K(305664K)] 397611K->131962K(717312K), 0.0474146 secs] [Times: user=0.09 sys=0.00, real=0.05 secs] 
80.174: [GC (Allocation Failure) [PSYoungGen: 282831K->36840K(307712K)] 402810K->168331K(719360K), 0.1121099 secs] [Times: user=0.19 sys=0.01, real=0.11 secs] 
82.107: [GC (Allocation Failure) [PSYoungGen: 307688K->7475K(298496K)] 439179K->140941K(710144K), 0.0140631 secs] [Times: user=0.03 sys=0.00, real=0.02 secs] 
83.691: [GC (Allocation Failure) [PSYoungGen: 264499K->7587K(303104K)] 397965K->142718K(714752K), 0.0336232 secs] [Times: user=0.05 sys=0.00, real=0.03 secs] 
86.075: [GC (Allocation Failure) [PSYoungGen: 264611K->8444K(299520K)] 399742K->144127K(711168K), 0.0132424 secs] [Times: user=0.01 sys=0.00, real=0.01 secs] 
87.974: [GC (Allocation Failure) [PSYoungGen: 265980K->27569K(301568K)] 401663K->164340K(713216K), 0.0240001 secs] [Times: user=0.04 sys=0.00, real=0.02 secs] 
89.495: [GC (Allocation Failure) [PSYoungGen: 285105K->36512K(295424K)] 421876K->178706K(707072K), 0.0330613 secs] [Times: user=0.05 sys=0.00, real=0.03 secs] 
90.158: [GC (Metadata GC Threshold) [PSYoungGen: 133455K->2976K(299520K)] 275649K->151744K(711168K), 0.0086693 secs] [Times: user=0.01 sys=0.00, real=0.01 secs] 
90.167: [Full GC (Metadata GC Threshold) [PSYoungGen: 2976K->0K(299520K)] [ParOldGen: 148767K->144732K(536064K)] 151744K->144732K(835584K), [Metaspace: 96286K->96279K(1134592K)], 0.4202297 secs] [Times: user=0.75 sys=0.00, real=0.42 secs] 
101.109: [GC (Allocation Failure) [PSYoungGen: 249856K->10670K(295424K)] 394588K->155410K(831488K), 0.0462057 secs] [Times: user=0.07 sys=0.00, real=0.05 secs] 
107.994: [GC (Allocation Failure) [PSYoungGen: 260526K->5856K(297472K)] 405266K->156052K(833536K), 0.1325198 secs] [Times: user=0.19 sys=0.03, real=0.13 secs] 
118.535: [GC (Allocation Failure) [PSYoungGen: 255712K->6962K(297472K)] 405908K->162221K(833536K), 0.0412563 secs] [Times: user=0.05 sys=0.01, real=0.04 secs] 
123.606: [GC (Allocation Failure) [PSYoungGen: 261938K->8092K(300032K)] 417197K->169458K(836096K), 0.0310440 secs] [Times: user=0.04 sys=0.00, real=0.03 secs] 
176.490: [GC (Allocation Failure) [PSYoungGen: 263068K->9727K(299008K)] 424434K->171101K(835072K), 0.0145724 secs] [Times: user=0.03 sys=0.00, real=0.02 secs] 
186.358: [GC (Allocation Failure) [PSYoungGen: 270335K->11165K(302080K)] 431709K->172539K(838144K), 0.0745520 secs] [Times: user=0.08 sys=0.02, real=0.08 secs] 
194.137: [GC (Allocation Failure) [PSYoungGen: 271773K->14658K(303104K)] 433147K->176033K(839168K), 0.0228284 secs] [Times: user=0.03 sys=0.00, real=0.02 secs] 
244.383: [GC (Allocation Failure) [PSYoungGen: 283458K->19000K(305664K)] 444833K->180382K(841728K), 0.0262817 secs] [Times: user=0.05 sys=0.00, real=0.02 secs] 
